Archive member included to satisfy reference by file (symbol)

/usr/lib/gcc/avr/13.2.0/avr5/libgcc.a(_exit.o)
                              /usr/lib/gcc/avr/13.2.0/../../../../avr/lib/avr5/crtatmega328p.o (exit)
/usr/lib/gcc/avr/13.2.0/avr5/libgcc.a(_copy_data.o)
                              main.o (__do_copy_data)
/usr/lib/gcc/avr/13.2.0/avr5/libgcc.a(_clear_bss.o)
                              main.o (__do_clear_bss)
/usr/lib/gcc/avr/13.2.0/../../../../avr/lib/avr5/libatmega328p.a(eerd_byte.o)
                              main.o (eeprom_read_byte)
/usr/lib/gcc/avr/13.2.0/../../../../avr/lib/avr5/libatmega328p.a(eewr_byte.o)
                              main.o (eeprom_write_byte)

Discarded input sections

 .data          0x00000000        0x0 /usr/lib/gcc/avr/13.2.0/../../../../avr/lib/avr5/crtatmega328p.o
 .bss           0x00000000        0x0 /usr/lib/gcc/avr/13.2.0/../../../../avr/lib/avr5/crtatmega328p.o
 .data          0x00000000        0x0 usbdrv/usbdrvasm.o
 .bss           0x00000000        0x0 usbdrv/usbdrvasm.o
 .group         0x00000000        0xc usbdrv/oddebug.o
 .group         0x00000000        0xc usbdrv/oddebug.o
 .group         0x00000000        0xc usbdrv/oddebug.o
 .group         0x00000000        0xc usbdrv/oddebug.o
 .group         0x00000000        0xc usbdrv/oddebug.o
 .group         0x00000000        0xc usbdrv/oddebug.o
 .group         0x00000000        0xc usbdrv/oddebug.o
 .group         0x00000000        0xc usbdrv/oddebug.o
 .group         0x00000000        0xc usbdrv/oddebug.o
 .group         0x00000000        0xc usbdrv/oddebug.o
 .group         0x00000000        0xc usbdrv/oddebug.o
 .group         0x00000000        0xc usbdrv/oddebug.o
 .group         0x00000000        0xc usbdrv/oddebug.o
 .group         0x00000000        0xc usbdrv/oddebug.o
 .group         0x00000000        0xc usbdrv/oddebug.o
 .group         0x00000000        0xc usbdrv/oddebug.o
 .group         0x00000000        0xc usbdrv/oddebug.o
 .group         0x00000000        0xc usbdrv/oddebug.o
 .group         0x00000000        0xc usbdrv/oddebug.o
 .text          0x00000000        0x0 usbdrv/oddebug.o
 .data          0x00000000        0x0 usbdrv/oddebug.o
 .bss           0x00000000        0x0 usbdrv/oddebug.o
 .noinit        0x00000000        0x2 usbdrv/oddebug.o
 .debug_info    0x00000000       0x8e usbdrv/oddebug.o
 .debug_abbrev  0x00000000       0x51 usbdrv/oddebug.o
 .debug_aranges
                0x00000000       0x18 usbdrv/oddebug.o
 .debug_macro   0x00000000       0xf9 usbdrv/oddebug.o
 .debug_macro   0x00000000      0xbf8 usbdrv/oddebug.o
 .debug_macro   0x00000000       0x10 usbdrv/oddebug.o
 .debug_macro   0x00000000      0x1c9 usbdrv/oddebug.o
 .debug_macro   0x00000000      0x2fc usbdrv/oddebug.o
 .debug_macro   0x00000000       0x9e usbdrv/oddebug.o
 .debug_macro   0x00000000     0x1410 usbdrv/oddebug.o
 .debug_macro   0x00000000      0x13a usbdrv/oddebug.o
 .debug_macro   0x00000000       0xbd usbdrv/oddebug.o
 .debug_macro   0x00000000       0x34 usbdrv/oddebug.o
 .debug_macro   0x00000000       0x18 usbdrv/oddebug.o
 .debug_macro   0x00000000       0x6c usbdrv/oddebug.o
 .debug_macro   0x00000000      0x107 usbdrv/oddebug.o
 .debug_macro   0x00000000       0x22 usbdrv/oddebug.o
 .debug_macro   0x00000000      0x11c usbdrv/oddebug.o
 .debug_macro   0x00000000       0x10 usbdrv/oddebug.o
 .debug_macro   0x00000000       0x90 usbdrv/oddebug.o
 .debug_macro   0x00000000       0xd2 usbdrv/oddebug.o
 .debug_macro   0x00000000       0x27 usbdrv/oddebug.o
 .debug_macro   0x00000000       0x22 usbdrv/oddebug.o
 .debug_line    0x00000000       0xb6 usbdrv/oddebug.o
 .debug_str     0x00000000     0x8a06 usbdrv/oddebug.o
 .debug_line_str
                0x00000000      0x1d7 usbdrv/oddebug.o
 .comment       0x00000000       0x13 usbdrv/oddebug.o
 .group         0x00000000        0xc main.o
 .group         0x00000000        0xc main.o
 .group         0x00000000        0xc main.o
 .group         0x00000000        0xc main.o
 .group         0x00000000        0xc main.o
 .group         0x00000000        0xc main.o
 .group         0x00000000        0xc main.o
 .group         0x00000000        0xc main.o
 .group         0x00000000        0xc main.o
 .group         0x00000000        0xc main.o
 .group         0x00000000        0xc main.o
 .group         0x00000000        0xc main.o
 .group         0x00000000        0xc main.o
 .group         0x00000000        0xc main.o
 .group         0x00000000        0xc main.o
 .group         0x00000000        0xc main.o
 .group         0x00000000        0xc main.o
 .group         0x00000000        0xc main.o
 .group         0x00000000        0xc main.o
 .group         0x00000000        0xc main.o
 .group         0x00000000        0xc main.o
 .group         0x00000000        0xc main.o
 .group         0x00000000        0xc main.o
 .group         0x00000000        0xc main.o
 .group         0x00000000        0xc main.o
 .group         0x00000000        0xc main.o
 .group         0x00000000        0xc main.o
 .group         0x00000000        0xc main.o
 .group         0x00000000        0xc main.o
 .group         0x00000000        0xc main.o
 .group         0x00000000        0xc main.o
 .group         0x00000000        0xc main.o
 .debug_macro   0x00000000      0xbf8 main.o
 .debug_macro   0x00000000       0x10 main.o
 .debug_macro   0x00000000      0x1c9 main.o
 .debug_macro   0x00000000      0x2fc main.o
 .debug_macro   0x00000000       0x9e main.o
 .debug_macro   0x00000000     0x1410 main.o
 .debug_macro   0x00000000      0x13a main.o
 .debug_macro   0x00000000       0xbd main.o
 .debug_macro   0x00000000       0x34 main.o
 .debug_macro   0x00000000       0x18 main.o
 .debug_macro   0x00000000       0x6c main.o
 .debug_macro   0x00000000      0x107 main.o
 .debug_macro   0x00000000       0x22 main.o
 .debug_macro   0x00000000       0x10 main.o
 .debug_macro   0x00000000       0x90 main.o
 .debug_macro   0x00000000       0xd2 main.o
 .debug_macro   0x00000000      0x11c main.o
 .debug_macro   0x00000000       0x27 main.o
 .text          0x00000000        0x0 /usr/lib/gcc/avr/13.2.0/avr5/libgcc.a(_exit.o)
 .data          0x00000000        0x0 /usr/lib/gcc/avr/13.2.0/avr5/libgcc.a(_exit.o)
 .bss           0x00000000        0x0 /usr/lib/gcc/avr/13.2.0/avr5/libgcc.a(_exit.o)
 .text.libgcc.mul
                0x00000000        0x0 /usr/lib/gcc/avr/13.2.0/avr5/libgcc.a(_exit.o)
 .text.libgcc.div
                0x00000000        0x0 /usr/lib/gcc/avr/13.2.0/avr5/libgcc.a(_exit.o)
 .text.libgcc   0x00000000        0x0 /usr/lib/gcc/avr/13.2.0/avr5/libgcc.a(_exit.o)
 .text.libgcc.prologue
                0x00000000        0x0 /usr/lib/gcc/avr/13.2.0/avr5/libgcc.a(_exit.o)
 .text.libgcc.builtins
                0x00000000        0x0 /usr/lib/gcc/avr/13.2.0/avr5/libgcc.a(_exit.o)
 .text.libgcc.fmul
                0x00000000        0x0 /usr/lib/gcc/avr/13.2.0/avr5/libgcc.a(_exit.o)
 .text.libgcc.fixed
                0x00000000        0x0 /usr/lib/gcc/avr/13.2.0/avr5/libgcc.a(_exit.o)
 .text          0x00000000        0x0 /usr/lib/gcc/avr/13.2.0/avr5/libgcc.a(_copy_data.o)
 .data          0x00000000        0x0 /usr/lib/gcc/avr/13.2.0/avr5/libgcc.a(_copy_data.o)
 .bss           0x00000000        0x0 /usr/lib/gcc/avr/13.2.0/avr5/libgcc.a(_copy_data.o)
 .text.libgcc.mul
                0x00000000        0x0 /usr/lib/gcc/avr/13.2.0/avr5/libgcc.a(_copy_data.o)
 .text.libgcc.div
                0x00000000        0x0 /usr/lib/gcc/avr/13.2.0/avr5/libgcc.a(_copy_data.o)
 .text.libgcc   0x00000000        0x0 /usr/lib/gcc/avr/13.2.0/avr5/libgcc.a(_copy_data.o)
 .text.libgcc.prologue
                0x00000000        0x0 /usr/lib/gcc/avr/13.2.0/avr5/libgcc.a(_copy_data.o)
 .text.libgcc.builtins
                0x00000000        0x0 /usr/lib/gcc/avr/13.2.0/avr5/libgcc.a(_copy_data.o)
 .text.libgcc.fmul
                0x00000000        0x0 /usr/lib/gcc/avr/13.2.0/avr5/libgcc.a(_copy_data.o)
 .text.libgcc.fixed
                0x00000000        0x0 /usr/lib/gcc/avr/13.2.0/avr5/libgcc.a(_copy_data.o)
 .text          0x00000000        0x0 /usr/lib/gcc/avr/13.2.0/avr5/libgcc.a(_clear_bss.o)
 .data          0x00000000        0x0 /usr/lib/gcc/avr/13.2.0/avr5/libgcc.a(_clear_bss.o)
 .bss           0x00000000        0x0 /usr/lib/gcc/avr/13.2.0/avr5/libgcc.a(_clear_bss.o)
 .text.libgcc.mul
                0x00000000        0x0 /usr/lib/gcc/avr/13.2.0/avr5/libgcc.a(_clear_bss.o)
 .text.libgcc.div
                0x00000000        0x0 /usr/lib/gcc/avr/13.2.0/avr5/libgcc.a(_clear_bss.o)
 .text.libgcc   0x00000000        0x0 /usr/lib/gcc/avr/13.2.0/avr5/libgcc.a(_clear_bss.o)
 .text.libgcc.prologue
                0x00000000        0x0 /usr/lib/gcc/avr/13.2.0/avr5/libgcc.a(_clear_bss.o)
 .text.libgcc.builtins
                0x00000000        0x0 /usr/lib/gcc/avr/13.2.0/avr5/libgcc.a(_clear_bss.o)
 .text.libgcc.fmul
                0x00000000        0x0 /usr/lib/gcc/avr/13.2.0/avr5/libgcc.a(_clear_bss.o)
 .text.libgcc.fixed
                0x00000000        0x0 /usr/lib/gcc/avr/13.2.0/avr5/libgcc.a(_clear_bss.o)
 .text          0x00000000        0x0 /usr/lib/gcc/avr/13.2.0/../../../../avr/lib/avr5/libatmega328p.a(eerd_byte.o)
 .data          0x00000000        0x0 /usr/lib/gcc/avr/13.2.0/../../../../avr/lib/avr5/libatmega328p.a(eerd_byte.o)
 .bss           0x00000000        0x0 /usr/lib/gcc/avr/13.2.0/../../../../avr/lib/avr5/libatmega328p.a(eerd_byte.o)
 .text          0x00000000        0x0 /usr/lib/gcc/avr/13.2.0/../../../../avr/lib/avr5/libatmega328p.a(eewr_byte.o)
 .data          0x00000000        0x0 /usr/lib/gcc/avr/13.2.0/../../../../avr/lib/avr5/libatmega328p.a(eewr_byte.o)
 .bss           0x00000000        0x0 /usr/lib/gcc/avr/13.2.0/../../../../avr/lib/avr5/libatmega328p.a(eewr_byte.o)

Memory Configuration

Name             Origin             Length             Attributes
text             0x00000000         0x00020000         xr
data             0x00800060         0x0000ffa0         rw!x
eeprom           0x00810000         0x00010000         rw!x
fuse             0x00820000         0x00000003         rw!x
lock             0x00830000         0x00000400         rw!x
signature        0x00840000         0x00000400         rw!x
user_signatures  0x00850000         0x00000400         rw!x
*default*        0x00000000         0xffffffff

Linker script and memory map

Address of section .data set to 0x800100
LOAD /usr/lib/gcc/avr/13.2.0/../../../../avr/lib/avr5/crtatmega328p.o
LOAD usbdrv/usbdrvasm.o
LOAD usbdrv/oddebug.o
LOAD main.o
Address of section .text set to 0x7000
                0x00000000                        nullVector = 0x0
START GROUP
LOAD /usr/lib/gcc/avr/13.2.0/avr5/libgcc.a
LOAD /usr/lib/gcc/avr/13.2.0/../../../../avr/lib/avr5/libm.a
LOAD /usr/lib/gcc/avr/13.2.0/../../../../avr/lib/avr5/libc.a
LOAD /usr/lib/gcc/avr/13.2.0/../../../../avr/lib/avr5/libatmega328p.a
END GROUP
                0x00020000                        __TEXT_REGION_LENGTH__ = DEFINED (__TEXT_REGION_LENGTH__)?__TEXT_REGION_LENGTH__:0x20000
                0x00800060                        __DATA_REGION_ORIGIN__ = DEFINED (__DATA_REGION_ORIGIN__)?__DATA_REGION_ORIGIN__:0x800060
                0x0000ffa0                        __DATA_REGION_LENGTH__ = DEFINED (__DATA_REGION_LENGTH__)?__DATA_REGION_LENGTH__:0xffa0
                0x00010000                        __EEPROM_REGION_LENGTH__ = DEFINED (__EEPROM_REGION_LENGTH__)?__EEPROM_REGION_LENGTH__:0x10000
                [0x00000003]                      __FUSE_REGION_LENGTH__ = DEFINED (__FUSE_REGION_LENGTH__)?__FUSE_REGION_LENGTH__:0x400
                0x00000400                        __LOCK_REGION_LENGTH__ = DEFINED (__LOCK_REGION_LENGTH__)?__LOCK_REGION_LENGTH__:0x400
                0x00000400                        __SIGNATURE_REGION_LENGTH__ = DEFINED (__SIGNATURE_REGION_LENGTH__)?__SIGNATURE_REGION_LENGTH__:0x400
                0x00000400                        __USER_SIGNATURE_REGION_LENGTH__ = DEFINED (__USER_SIGNATURE_REGION_LENGTH__)?__USER_SIGNATURE_REGION_LENGTH__:0x400

.hash
 *(.hash)

.dynsym
 *(.dynsym)

.dynstr
 *(.dynstr)

.gnu.version
 *(.gnu.version)

.gnu.version_d
 *(.gnu.version_d)

.gnu.version_r
 *(.gnu.version_r)

.rel.init
 *(.rel.init)

.rela.init
 *(.rela.init)

.rel.text
 *(.rel.text)
 *(.rel.text.*)
 *(.rel.gnu.linkonce.t*)

.rela.text
 *(.rela.text)
 *(.rela.text.*)
 *(.rela.gnu.linkonce.t*)

.rel.fini
 *(.rel.fini)

.rela.fini
 *(.rela.fini)

.rel.rodata
 *(.rel.rodata)
 *(.rel.rodata.*)
 *(.rel.gnu.linkonce.r*)

.rela.rodata
 *(.rela.rodata)
 *(.rela.rodata.*)
 *(.rela.gnu.linkonce.r*)

.rel.data
 *(.rel.data)
 *(.rel.data.*)
 *(.rel.gnu.linkonce.d*)

.rela.data
 *(.rela.data)
 *(.rela.data.*)
 *(.rela.gnu.linkonce.d*)

.rel.ctors
 *(.rel.ctors)

.rela.ctors
 *(.rela.ctors)

.rel.dtors
 *(.rel.dtors)

.rela.dtors
 *(.rela.dtors)

.rel.got
 *(.rel.got)

.rela.got
 *(.rela.got)

.rel.bss
 *(.rel.bss)

.rela.bss
 *(.rela.bss)

.rel.plt
 *(.rel.plt)

.rela.plt
 *(.rela.plt)

.text           0x00007000      0x884
 *(.vectors)
 .vectors       0x00007000       0x68 /usr/lib/gcc/avr/13.2.0/../../../../avr/lib/avr5/crtatmega328p.o
                0x00007000                __vectors
                0x00007000                __vector_default
 .vectors       0x00007068       0x1e main.o
                0x00007068                bootloader__do_spm
 *(.vectors)
 *(.progmem.gcc*)
                0x00007086                        . = ALIGN (0x2)
                0x00007086                        __trampolines_start = .
 *(.trampolines)
 .trampolines   0x00007086        0x0 linker stubs
 *(.trampolines*)
                0x00007086                        __trampolines_end = .
 *libprintf_flt.a:*(.progmem.data)
 *libc.a:*(.progmem.data)
 *(.progmem.*)
 .progmem.data  0x00007086       0x52 main.o
                0x00007086                usbDescriptorConfiguration
                0x00007098                usbDescriptorDevice
                0x000070aa                usbDescriptorStringDevice
                0x000070b8                usbDescriptorStringVendor
                0x000070d4                usbDescriptorString0
                0x000070d8                        . = ALIGN (0x2)
 *(.lowtext)
 *(.lowtext*)
                0x000070d8                        __ctors_start = .
 *(.ctors)
                0x000070d8                        __ctors_end = .
                0x000070d8                        __dtors_start = .
 *(.dtors)
                0x000070d8                        __dtors_end = .
 SORT_BY_NAME(*)(.ctors)
 SORT_BY_NAME(*)(.dtors)
 *(.init0)
 .init0         0x000070d8        0x0 /usr/lib/gcc/avr/13.2.0/../../../../avr/lib/avr5/crtatmega328p.o
                0x000070d8                __init
 *(.init0)
 *(.init1)
 *(.init1)
 *(.init2)
 .init2         0x000070d8        0xc /usr/lib/gcc/avr/13.2.0/../../../../avr/lib/avr5/crtatmega328p.o
 *(.init2)
 *(.init3)
 .init3         0x000070e4       0x18 main.o
                0x000070e4                __BOOTLOADERENTRY_FROMSOFTWARE__bootup_investigate_RAMEND
 *(.init3)
 *(.init4)
 .init4         0x000070fc       0x16 /usr/lib/gcc/avr/13.2.0/avr5/libgcc.a(_copy_data.o)
                0x000070fc                __do_copy_data
 .init4         0x00007112       0x10 /usr/lib/gcc/avr/13.2.0/avr5/libgcc.a(_clear_bss.o)
                0x00007112                __do_clear_bss
 *(.init4)
 *(.init5)
 *(.init5)
 *(.init6)
 *(.init6)
 *(.init7)
 *(.init7)
 *(.init8)
 *(.init8)
 *(.init9)
 .init9         0x00007122        0x4 /usr/lib/gcc/avr/13.2.0/../../../../avr/lib/avr5/crtatmega328p.o
 *(.init9)
 *(.text)
 .text          0x00007126        0x2 /usr/lib/gcc/avr/13.2.0/../../../../avr/lib/avr5/crtatmega328p.o
                0x00007126                __vector_22
                0x00007126                __vector_24
                0x00007126                __vector_12
                0x00007126                __bad_interrupt
                0x00007126                __vector_6
                0x00007126                __vector_3
                0x00007126                __vector_23
                0x00007126                __vector_25
                0x00007126                __vector_11
                0x00007126                __vector_13
                0x00007126                __vector_17
                0x00007126                __vector_19
                0x00007126                __vector_7
                0x00007126                __vector_5
                0x00007126                __vector_4
                0x00007126                __vector_9
                0x00007126                __vector_2
                0x00007126                __vector_21
                0x00007126                __vector_15
                0x00007126                __vector_8
                0x00007126                __vector_14
                0x00007126                __vector_10
                0x00007126                __vector_16
                0x00007126                __vector_18
                0x00007126                __vector_20
 .text          0x00007128      0x25a usbdrv/usbdrvasm.o
                0x00007128                usbCrc16
                0x00007152                usbCrc16Append
                0x0000715a                __vector_1
 .text          0x00007382       0x9a main.o
                0x00007382                usbFunctionSetup_USBASP_FUNC_TRANSMIT
                0x0000741c                        . = ALIGN (0x2)
 *(.text.*)
 .text.startup  0x0000741c      0x438 main.o
                0x0000741c                main
 .text.avr-libc
                0x00007854       0x10 /usr/lib/gcc/avr/13.2.0/../../../../avr/lib/avr5/libatmega328p.a(eerd_byte.o)
                0x00007854                eeprom_read_byte
 .text.avr-libc
                0x00007864       0x1c /usr/lib/gcc/avr/13.2.0/../../../../avr/lib/avr5/libatmega328p.a(eewr_byte.o)
                0x00007864                eeprom_write_byte
                0x00007866                eeprom_write_r18
                0x00007880                        . = ALIGN (0x2)
 *(.fini9)
 .fini9         0x00007880        0x0 /usr/lib/gcc/avr/13.2.0/avr5/libgcc.a(_exit.o)
                0x00007880                exit
                0x00007880                _exit
 *(.fini9)
 *(.fini8)
 *(.fini8)
 *(.fini7)
 *(.fini7)
 *(.fini6)
 *(.fini6)
 *(.fini5)
 *(.fini5)
 *(.fini4)
 *(.fini4)
 *(.fini3)
 *(.fini3)
 *(.fini2)
 *(.fini2)
 *(.fini1)
 *(.fini1)
 *(.fini0)
 .fini0         0x00007880        0x4 /usr/lib/gcc/avr/13.2.0/avr5/libgcc.a(_exit.o)
 *(.fini0)
 *(.hightext)
 *(.hightext*)
 *(.progmemx.*)
                0x00007884                        . = ALIGN (0x2)
 *(.jumptables)
 *(.jumptables*)
                0x00007884                        _etext = .

.data           0x00800100        0x6 load address 0x00007884
                0x00800100                        PROVIDE (__data_start = .)
 *(.data)
 .data          0x00800100        0x2 main.o
                0x00800101                usbTxLen
 *(.data*)
 *(.gnu.linkonce.d*)
 *(.rodata)
 .rodata        0x00800102        0x4 main.o
 *(.rodata*)
 *(.gnu.linkonce.r*)
                0x00800106                        . = ALIGN (0x2)
                0x00800106                        _edata = .
                0x00800106                        PROVIDE (__data_end = .)

.bss            0x00800106       0x35
                0x00800106                        PROVIDE (__bss_start = .)
 *(.bss)
 .bss           0x00800106       0x35 main.o
                0x00800106                usbMsgPtr
                0x00800108                usbTxBuf
                0x00800113                usbRxToken
                0x00800114                usbCurrentTok
                0x00800115                usbRxLen
                0x00800116                usbConfiguration
                0x00800117                usbNewDeviceAddr
                0x00800118                usbDeviceAddr
                0x00800119                usbInputBufOffset
                0x0080011a                usbRxBuf
 *(.bss*)
 *(COMMON)
                0x0080013b                        PROVIDE (__bss_end = .)
                0x00007884                        __data_load_start = LOADADDR (.data)
                0x0000788a                        __data_load_end = (__data_load_start + SIZEOF (.data))

.noinit         0x0080013b        0x2
                [!provide]                        PROVIDE (__noinit_start = .)
 *(.noinit .noinit.* .gnu.linkonce.n.*)
 .noinit        0x0080013b        0x2 main.o
                [!provide]                        PROVIDE (__noinit_end = .)
                0x0080013d                        _end = .
                [!provide]                        PROVIDE (__heap_start = .)

.eeprom         0x00810000        0x0
 *(.eeprom*)
                0x00810000                        __eeprom_end = .

.fuse
 *(.fuse)
 *(.lfuse)
 *(.hfuse)
 *(.efuse)

.lock
 *(.lock*)

.signature
 *(.signature*)

.stab
 *(.stab)

.stabstr
 *(.stabstr)

.stab.excl
 *(.stab.excl)

.stab.exclstr
 *(.stab.exclstr)

.stab.index
 *(.stab.index)

.stab.indexstr
 *(.stab.indexstr)

.comment        0x00000000       0x12
 *(.comment)
 .comment       0x00000000       0x12 main.o
                                 0x13 (size before relaxing)

.note.gnu.avr.deviceinfo
                0x00000000       0x40
 .note.gnu.avr.deviceinfo
                0x00000000       0x40 /usr/lib/gcc/avr/13.2.0/../../../../avr/lib/avr5/crtatmega328p.o

.gnu.build.attributes
 *(.gnu.build.attributes .gnu.build.attributes.*)

.note.gnu.build-id
 *(.note.gnu.build-id)

.debug
 *(.debug)

.line
 *(.line)

.debug_srcinfo
 *(.debug_srcinfo)

.debug_sfnames
 *(.debug_sfnames)

.debug_aranges  0x00000000       0x50
 *(.debug_aranges)
 .debug_aranges
                0x00000000       0x20 usbdrv/usbdrvasm.o
 .debug_aranges
                0x00000020       0x30 main.o

.debug_pubnames
 *(.debug_pubnames)

.debug_info     0x00000000     0x1591
 *(.debug_info .gnu.linkonce.wi.*)
 .debug_info    0x00000000      0x5f4 /usr/lib/gcc/avr/13.2.0/../../../../avr/lib/avr5/crtatmega328p.o
 .debug_info    0x000005f4       0x25 usbdrv/usbdrvasm.o
 .debug_info    0x00000619      0xf78 main.o

.debug_abbrev   0x00000000      0x9de
 *(.debug_abbrev)
 .debug_abbrev  0x00000000      0x5a2 /usr/lib/gcc/avr/13.2.0/../../../../avr/lib/avr5/crtatmega328p.o
 .debug_abbrev  0x000005a2       0x14 usbdrv/usbdrvasm.o
 .debug_abbrev  0x000005b6      0x428 main.o

.debug_line     0x00000000     0x1b22
 *(.debug_line .debug_line.* .debug_line_end)
 .debug_line    0x00000000       0x1d /usr/lib/gcc/avr/13.2.0/../../../../avr/lib/avr5/crtatmega328p.o
 .debug_line    0x0000001d      0x6dc usbdrv/usbdrvasm.o
 .debug_line    0x000006f9     0x1429 main.o

.debug_frame    0x00000000       0x44
 *(.debug_frame)
 .debug_frame   0x00000000       0x44 main.o

.debug_str      0x00000000     0xcf3d
 *(.debug_str)
 .debug_str     0x00000000      0x208 /usr/lib/gcc/avr/13.2.0/../../../../avr/lib/avr5/crtatmega328p.o
 .debug_str     0x00000208     0xcd35 usbdrv/usbdrvasm.o
                                 0x5b (size before relaxing)
 .debug_str     0x0000cf3d     0xcef9 main.o

.debug_loc
 *(.debug_loc)

.debug_macinfo
 *(.debug_macinfo)

.debug_weaknames
 *(.debug_weaknames)

.debug_funcnames
 *(.debug_funcnames)

.debug_typenames
 *(.debug_typenames)

.debug_varnames
 *(.debug_varnames)

.debug_pubtypes
 *(.debug_pubtypes)

.debug_ranges
 *(.debug_ranges)

.debug_addr
 *(.debug_addr)

.debug_line_str
                0x00000000      0x212
 *(.debug_line_str)
 .debug_line_str
                0x00000000      0x212 usbdrv/usbdrvasm.o
                                 0x6d (size before relaxing)
 .debug_line_str
                0x00000212      0x260 main.o

.debug_loclists
                0x00000000      0x8aa
 *(.debug_loclists)
 .debug_loclists
                0x00000000      0x8aa main.o

.debug_macro    0x00000000      0xb07
 *(.debug_macro)
 .debug_macro   0x00000000      0x240 main.o
 .debug_macro   0x00000240       0x33 main.o
 .debug_macro   0x00000273       0x77 main.o
 .debug_macro   0x000002ea       0x68 main.o
 .debug_macro   0x00000352      0x112 main.o
 .debug_macro   0x00000464       0x33 main.o
 .debug_macro   0x00000497      0x10c main.o
 .debug_macro   0x000005a3      0x160 main.o
 .debug_macro   0x00000703       0x10 main.o
 .debug_macro   0x00000713       0x6b main.o
 .debug_macro   0x0000077e       0x16 main.o
 .debug_macro   0x00000794       0x3c main.o
 .debug_macro   0x000007d0      0x288 main.o
 .debug_macro   0x00000a58       0x22 main.o
 .debug_macro   0x00000a7a       0x8d main.o

.debug_names
 *(.debug_names)

.debug_rnglists
                0x00000000      0x11a
 *(.debug_rnglists)
 .debug_rnglists
                0x00000000      0x11a main.o

.debug_str_offsets
 *(.debug_str_offsets)

.debug_sup
 *(.debug_sup)
OUTPUT(main.elf elf32-avr)
LOAD linker stubs
